src/app/invoices/index.tsx(62,9): error TS2322: Type '{ data: InvoiceItem[] | undefined; keyExtractor: (item: InvoiceItem) => string; renderItem: ({ item }: ListRenderItemInfo<InvoiceItem>) => Element; ... 4 more ...; ListEmptyComponent: Element; }' is not assignable to type 'IntrinsicAttributes & FlashListProps<InvoiceItem> & { ref?: Ref<FlashListRef<InvoiceItem>> | undefined; }'.
  Property 'estimatedItemSize' does not exist on type 'IntrinsicAttributes & FlashListProps<InvoiceItem> & { ref?: Ref<FlashListRef<InvoiceItem>> | undefined; }'.
src/components/screens/DocumentBrowserScreen.tsx(158,9): error TS2322: Type '{ data: DocumentItem[]; keyExtractor: (item: DocumentItem) => string; renderItem: ({ item }: ListRenderItemInfo<DocumentItem>) => Element; ... 5 more ...; ListEmptyComponent: Element; }' is not assignable to type 'IntrinsicAttributes & FlashListProps<DocumentItem> & { ref?: Ref<FlashListRef<DocumentItem>> | undefined; }'.
  Property 'estimatedItemSize' does not exist on type 'IntrinsicAttributes & FlashListProps<DocumentItem> & { ref?: Ref<FlashListRef<DocumentItem>> | undefined; }'.
src/components/screens/DocumentBrowserScreen.tsx(223,64): error TS2322: Type '{ title: string; style: { marginTop: 8; }; }' is not assignable to type 'IntrinsicAttributes & SectionHeaderProps'.
  Property 'style' does not exist on type 'IntrinsicAttributes & SectionHeaderProps'.
src/components/screens/EventsListScreen.tsx(142,9): error TS2322: Type '{ data: EventItem[]; keyExtractor: (item: EventItem) => string; renderItem: ({ item }: ListRenderItemInfo<EventItem>) => Element; ... 5 more ...; ListEmptyComponent: Element; }' is not assignable to type 'IntrinsicAttributes & FlashListProps<EventItem> & { ref?: Ref<FlashListRef<EventItem>> | undefined; }'.
  Property 'estimatedItemSize' does not exist on type 'IntrinsicAttributes & FlashListProps<EventItem> & { ref?: Ref<FlashListRef<EventItem>> | undefined; }'.
src/components/screens/NewsDetailScreen.tsx(66,46): error TS2345: Argument of type '["news.notFound"]' is not assignable to parameter of type '[key: string | string[], options: TOptionsBase & $Dictionary & { defaultValue: string; }] | [key: string | string[], defaultValue: string, options?: (TOptionsBase & $Dictionary) | undefined] | [key: ...]'.
  Type '["news.notFound"]' is not assignable to type '[key: "theme.light" | "theme.dark" | "theme.system" | "auth.logoutTitle" | "auth.logoutConfirm" | "auth.logoutAction" | "common.warning" | "common.retry" | "common.user" | "common.name" | ... 165 more ... | ("theme.light" | ... 173 more ... | TemplateStringsArray)[], options?: (TOptionsBase & $Dictionary) | undefined]'.
    Type at position 0 in source is not compatible with type at position 0 in target.
      Type '"news.notFound"' is not assignable to type '"theme.light" | "theme.dark" | "theme.system" | "auth.logoutTitle" | "auth.logoutConfirm" | "auth.logoutAction" | "common.warning" | "common.retry" | "common.user" | "common.name" | ... 165 more ... | ("theme.light" | ... 173 more ... | TemplateStringsArray)[]'.
src/components/screens/NewsListScreen.tsx(36,7): error TS2322: Type '{ data: NewsItem[]; keyExtractor: (item: NewsItem) => string; style: { flex: number; backgroundColor: "#FFFFFF"; }; contentContainerStyle: { flexGrow: number; paddingBottom: number; }; ... 6 more ...; ListEmptyComponent: Element; }' is not assignable to type 'IntrinsicAttributes & FlashListProps<NewsItem> & { ref?: Ref<FlashListRef<NewsItem>> | undefined; }'.
  Property 'estimatedItemSize' does not exist on type 'IntrinsicAttributes & FlashListProps<NewsItem> & { ref?: Ref<FlashListRef<NewsItem>> | undefined; }'.
src/components/screens/RegistrationsScreen.tsx(148,9): error TS2322: Type '{ data: Registration[]; keyExtractor: (item: Registration) => string; renderItem: ({ item }: { item: Registration; }) => Element; estimatedItemSize: number; contentContainerStyle: { ...; }; showsVerticalScrollIndicator: false; refreshControl: Element; ListEmptyComponent: Element; }' is not assignable to type 'IntrinsicAttributes & FlashListProps<Registration> & { ref?: Ref<FlashListRef<Registration>> | undefined; }'.
  Property 'estimatedItemSize' does not exist on type 'IntrinsicAttributes & FlashListProps<Registration> & { ref?: Ref<FlashListRef<Registration>> | undefined; }'.
